Component: ARM Compiler 6.16 Tool: armlink [5dfeaa00]

==============================================================================

Section Cross References

    ruraltraffic.o(vectors) refers to ruraltraffic.o(PROG) for Reset_Handler


==============================================================================

Image Symbol Table

    Local Symbols

    Symbol Name                              Value     Ov Type        Size  Object(Section)

    ruralTraffic.asm                         0x00000000   Number         0  ruraltraffic.o ABSOLUTE
    vectors                                  0x08000000   Section        8  ruraltraffic.o(vectors)
    $v0                                      0x08000008   Number         0  ruraltraffic.o(PROG)
    PROG                                     0x08000008   Section      156  ruraltraffic.o(PROG)

    Global Symbols

    Symbol Name                              Value     Ov Type        Size  Object(Section)

    BuildAttributes$$THM_ISAv4$E$P$D$K$B$S$7EM$VFPi3$EXTD16$VFPS$VFMA$PE$A:L22UL41UL21$X:L11$S22US41US21$IEEE1$~IW$USESV6$~STKCKD$USESV7$~SHL$OSPACE$EBA8$STANDARDLIB$PRES8$EABIv2 0x00000000   Number         0  anon$$obj.o ABSOLUTE
    __Vectors                                0x08000000   Data           4  ruraltraffic.o(vectors)
    Reset_Handler                            0x08000009   Thumb Code     0  ruraltraffic.o(PROG)



==============================================================================

Memory Map of the image

  Image Entry point : 0x08000009

  Load Region LR_1 (Base: 0x08000000, Size: 0x000000a4, Max: 0xffffffff, ABSOLUTE)

    Execution Region ER_RO (Exec base: 0x08000000, Load base: 0x08000000, Size: 0x000000a4, Max: 0xffffffff, ABSOLUTE)

    Exec Addr    Load Addr    Size         Type   Attr      Idx    E Section Name        Object

    0x08000000   0x08000000   0x00000008   Code   RO            1    vectors             ruraltraffic.o
    0x08000008   0x08000008   0x0000009c   Code   RO            2  * PROG                ruraltraffic.o


    Execution Region ER_RW (Exec base: 0x20000000, Load base: 0x080000a4, Size: 0x00000000, Max: 0xffffffff, ABSOLUTE)

    **** No section assigned to this execution region ****


    Execution Region ER_ZI (Exec base: 0x20000000, Load base: 0x080000a4, Size: 0x00000000, Max: 0xffffffff, ABSOLUTE)

    **** No section assigned to this execution region ****


==============================================================================

Image component sizes


      Code (inc. data)   RO Data    RW Data    ZI Data      Debug   Object Name

       164         34          0          0          0        496   ruraltraffic.o

    ----------------------------------------------------------------------
       164         34          0          0          0        496   Object Totals
         0          0          0          0          0          0   (incl. Generated)
         0          0          0          0          0          0   (incl. Padding)

    ----------------------------------------------------------------------
         0          0          0          0          0          0   Library Totals
         0          0          0          0          0          0   (incl. Padding)

    ----------------------------------------------------------------------

==============================================================================


      Code (inc. data)   RO Data    RW Data    ZI Data      Debug   

       164         34          0          0          0        496   Grand Totals
       164         34          0          0          0        496   ELF Image Totals
       164         34          0          0          0          0   ROM Totals

==============================================================================

    Total RO  Size (Code + RO Data)                  164 (   0.16kB)
    Total RW  Size (RW Data + ZI Data)                 0 (   0.00kB)
    Total ROM Size (Code + RO Data + RW Data)        164 (   0.16kB)

==============================================================================

